19:33:13 **** Incremental Build of configuration Debug for project 003Add ****
make -j12 all 
arm-none-eabi-size  003Add.elf 
   text	   data	    bss	    dec	    hex	filename
   4916	    100	   1908	   6924	   1b0c	003Add.elf
Finished building: default.size.stdout
 
19:33:47 **** Incremental Build of configuration Debug for project 003Add ****
make -j12 all 
arm-none-eabi-size  003Add.elf 
   text	   data	    bss	    dec	    hex	filename
   4916	    100	   1908	   6924	   1b0c	003Add.elf
Finished building: default.size.stdout
 
20:53:00 **** Incremental Build of configuration Debug for project 003Add ****
make -j12 all 
arm-none-eabi-size  003Add.elf 
   text	   data	    bss	    dec	    hex	filename
   4916	    100	   1908	   6924	   1b0c	003Add.elf
Finished building: default.size.stdout
 
